[2026-06-22 20:56:06] [INFO] Mode surveillance démarré (Ctrl+C pour arrêter).
[2026-06-22 20:56:11] [INFO] Surveillance arrêtée.
[2026-06-22 20:56:41] [OK] Sauvegarde créée : backup_20260622_205640.sql
[2026-06-22 20:57:50] [INFO] Sauvegarde planifiée activée (tous les jours à 00:00). Ctrl+C pour arrêter.
[2026-06-22 20:58:06] [OK] Rapport HTML généré : rapport_docker.html
[2026-06-22 20:59:56] [WARN] Service inconnu : 'APACHE'. Disponibles : web, db, apache, pgadmin, tftp
[2026-06-22 21:01:31] [OK] Logs exportés : logs_export_20260622_210131.txt
[2026-06-22 21:51:48] [OK] Rapport HTML généré : rapport_docker.html
[2026-06-22 22:04:15] [WARN] Service 'tftp' (pepiniere_tftp) arrêté.
[2026-06-22 22:04:24] [OK] Service 'tftp' (pepiniere_tftp) démarré.
[2026-06-22 22:05:11] [OK] Rapport HTML généré : rapport_docker.html
[2026-06-22 22:09:17] [OK] Rapport HTML généré : rapport_docker.html
[2026-06-23 02:40:40] [INFO] Mode surveillance démarré. Ctrl+C pour arrêter.
[2026-06-23 02:41:04] [INFO] Surveillance arrêtée.
[2026-06-23 02:41:09] [OK] Rapport HTML généré : rapport_docker.html
[2026-06-23 02:43:39] [OK] Rapport HTML généré : rapport_docker.html
[2026-06-23 02:43:40] [OK] Sauvegarde créée : backup_20260623_024339.sql (769.3 Ko)
[2026-06-23 02:43:45] [OK] Service 'web' (rtvoyage_flask) redémarré.
[2026-06-23 02:43:46] [INFO] Mode surveillance démarré. Ctrl+C pour arrêter.
[2026-06-23 02:43:57] [INFO] Surveillance arrêtée.
[2026-06-23 02:46:17] [OK] Rapport HTML généré : rapport_docker.html
